Property 'config.auto' was updated. From 'false' to 'true' value
