Property 'common.setting2' was removed
Property 'common.setting3' was updated. From 'true' to complex value
Property 'common.setting6.ops' was added with 'vops' value
Property 'common.setting4' was added with 'blah blah' value
Property 'common.setting5' was added with complex value
Property 'group1.baz' was updated. From 'bas' to 'bars' value
Property 'group1.nest' was updated. From complex to 'str' value
Property 'group2' was removed
Property 'follow' was added with 'false' value
Property 'group3' was added with complex value
