{"data":{"modified":[{"key":"config.auto","oldValue":false,"newValue":true}]},"stats":{"modified":1,"affected":1}}
