{"data":{"deleted":[{"key":"common.setting2","value":"200"},{"key":"group2","value":{"abc":"12345"}}],"modified":[{"key":"common.setting3","oldValue":true,"newValue":{"key":"value"}},{"key":"group1.baz","oldValue":"bas","newValue":"bars"},{"key":"group1.nest","oldValue":{"key":"value"},"newValue":"str"}],"new":[{"key":"common.setting6.ops","value":"vops"},{"key":"common.setting4","value":"blah blah"},{"key":"common.setting5","value":{"key5":"value5"}},{"key":"follow","value":false},{"key":"group3","value":{"fee":"100500"}}]},"stats":{"deleted":2,"modified":3,"new":5,"affected":10}}
