{
 + timeout: 50
 - timeout: 20
 - verbose: true
   host: hexlet.io
 + proxy: 123.234.53.22
 + follow: false
}
